Disk image size=512000, 500 blocks
fso-sh> created inode 13
fso-sh> created dir with inode 14
fso-sh> created inode 15
fso-sh> listing dir / (inode 0):
ino:type:nlk    bytes name
  1:   F:  1        0 f0
  2:   D:  1      128 dir1
  3:   F:  1      617 file10
  5:   F:  1        0 lixo
  4:   F:  2     5562 link.txt
 11:   F:  1        0 1
 12:   D:  1        0 e
 13:   F:  1        0 test
 14:   D:  1       64 mydir
fso-sh> listing dir mydir (inode 14):
ino:type:nlk    bytes name
 15:   F:  1        0 file
fso-sh> closing emulated disk.
